[NX v22.6.5 Daemon Client] - 2026-04-24T17:00:28.068Z - [Client] Starting new daemon server in background
[NX v22.6.5 Daemon Client] - 2026-04-24T17:00:28.071Z - [Client] Waiting for server (max: 6000 attempts, 10ms interval)
[NX v22.6.5 Daemon Server] - 2026-04-24T17:00:28.175Z - New daemon starting from: /Users/rossjackson/repos/real-time-block-editor/node_modules/nx/src/daemon/server/server.js
[NX v22.6.5 Daemon Server] - 2026-04-24T17:00:28.176Z - New daemon __dirname: /Users/rossjackson/repos/real-time-block-editor/node_modules/nx/src/daemon/server
[NX v22.6.5 Daemon Server] - 2026-04-24T17:00:28.176Z - New daemon nxVersion: 22.6.5
[NX v22.6.5 Daemon Server] - 2026-04-24T17:00:28.176Z - New daemon getInstalledNxVersion(): 22.6.5
[NX v22.6.5 Daemon Server] - 2026-04-24T17:00:28.177Z - Time taken for 'workspace context init' 0.30749999999999034ms
[NX v22.6.5 Daemon Server] - 2026-04-24T17:00:28.178Z - [Server] Starting outdated check interval (20ms)
[NX v22.6.5 Daemon Server] - 2026-04-24T17:00:28.178Z - Started listening on: /private/var/folders/2g/gl1q5pn57hv64hjh186sw3dc0000gn/T/878fdb5201e9a19790b2/d.sock
[NX v22.6.5 Daemon Server] - 2026-04-24T17:00:28.179Z - [WATCHER]: Subscribed to changes within: /Users/rossjackson/repos/real-time-block-editor (native)
[NX v22.6.5 Daemon Server] - 2026-04-24T17:00:28.179Z - [LATEST-NX]: Pulling latest Nx...
Fetching nx...
[NX v22.6.5 Daemon Client] - 2026-04-24T17:00:28.183Z - [Client] Server available
[NX v22.6.5 Daemon Client] - 2026-04-24T17:00:28.183Z - [Client] Daemon server started, pid=22008
[NX v22.6.5 Daemon Client] - 2026-04-24T17:00:28.183Z - [Messenger] Setting up socket listeners
[NX v22.6.5 Daemon Client] - 2026-04-24T17:00:28.183Z - [Messenger] listen() complete
[NX v22.6.5 Daemon Client] - 2026-04-24T17:00:28.183Z - [Messenger] Sending message type: REQUEST_PROJECT_GRAPH
[NX v22.6.5 Daemon Client] - 2026-04-24T17:00:28.183Z - [Messenger] Message sent
[NX v22.6.5 Daemon Server] - 2026-04-24T17:00:28.258Z - [AI-AGENTS]: Starting agent configuration status computation
[NX v22.6.5 Daemon Server] - 2026-04-24T17:00:28.259Z - [WATCHER]: Processing file changes in outputs
[NX v22.6.5 Daemon Server] - 2026-04-24T17:00:28.259Z - Established a connection. Number of open connections: 1
[NX v22.6.5 Daemon Server] - 2026-04-24T17:00:28.259Z - Established a connection. Number of open connections: 2
[NX v22.6.5 Daemon Server] - 2026-04-24T17:00:28.260Z - Closed a connection. Number of open connections: 1
[NX v22.6.5 Daemon Server] - 2026-04-24T17:00:28.260Z - Received raw message of length 32
[NX v22.6.5 Daemon Server] - 2026-04-24T17:00:28.260Z - Received json message of type REQUEST_PROJECT_GRAPH
[NX v22.6.5 Daemon Server] - 2026-04-24T17:00:28.260Z - [REQUEST]: Client Request for Project Graph Received
[NX v22.6.5 Daemon Server] - 2026-04-24T17:00:28.263Z - Time taken for 'loadSpecifiedNxPlugins' 1.9142089999999996ms
[NX v22.6.5 Daemon Server] - 2026-04-24T17:00:28.351Z - Time taken for 'start-plugin-worker:/Users/rossjackson/repos/real-time-block-editor/node_modules/nx/src/plugins/project-json/build-nodes/project-json' 88.22829200000001ms
Time taken for 'plugin worker 22012 code loading' 61.779916ms
Time taken for 'plugin worker 22011 code loading' 60.65924999999999ms
Time taken for 'plugin worker 22013 code loading' 61.552291999999994ms
[NX v22.6.5 Daemon Server] - 2026-04-24T17:00:28.361Z - Time taken for 'start-plugin-worker:/Users/rossjackson/repos/real-time-block-editor/node_modules/nx/src/plugins/js' 99.92745800000003ms
[NX v22.6.5 Daemon Server] - 2026-04-24T17:00:28.361Z - Time taken for 'start-plugin-worker:/Users/rossjackson/repos/real-time-block-editor/node_modules/nx/src/plugins/package-json' 99.205334ms
[NX v22.6.5 Daemon Server] - 2026-04-24T17:00:28.372Z - Time taken for 'Load Nx Plugin: /Users/rossjackson/repos/real-time-block-editor/node_modules/nx/src/plugins/project-json/build-nodes/project-json' 111.50887499999999ms
[NX v22.6.5 Daemon Server] - 2026-04-24T17:00:28.384Z - Time taken for 'Load Nx Plugin: /Users/rossjackson/repos/real-time-block-editor/node_modules/nx/src/plugins/package-json' 123.21429200000003ms
[NX v22.6.5 Daemon Server] - 2026-04-24T17:00:28.388Z - [REQUEST]: Updated workspace context based on watched changes, recomputing project graph...
[NX v22.6.5 Daemon Server] - 2026-04-24T17:00:28.388Z - [REQUEST]: 
[NX v22.6.5 Daemon Server] - 2026-04-24T17:00:28.388Z - [REQUEST]: 
[NX v22.6.5 Daemon Server] - 2026-04-24T17:00:28.388Z - No files changed, but no in-memory cached project graph found. Recomputing it...
[NX v22.6.5 Daemon Server] - 2026-04-24T17:00:28.391Z - Time taken for 'loadDefaultNxPlugins' 127.10275000000001ms
[NX v22.6.5 Daemon Server] - 2026-04-24T17:00:28.391Z - Time taken for 'Load Nx Plugin: /Users/rossjackson/repos/real-time-block-editor/node_modules/nx/src/plugins/js' 127.01600000000002ms
[NX v22.6.5 Daemon Server] - 2026-04-24T17:00:28.391Z - Time taken for 'hash changed files from watcher' 0.044125000000008185ms
Time taken for 'nx/js/dependencies-and-lockfile:createNodes' 1.9248750000000001ms
[NX v22.6.5 Daemon Server] - 2026-04-24T17:00:28.406Z - Time taken for 'build-project-configs' 7.842042000000049ms
[NX v22.6.5 Daemon Server] - 2026-04-24T17:00:28.406Z - Time taken for 'createNodes:merge' 1.5639170000000036ms
[NX v22.6.5 Daemon Server] - 2026-04-24T17:00:28.406Z - Time taken for 'native-file-deps' 0.003500000000030923ms
[NX v22.6.5 Daemon Server] - 2026-04-24T17:00:28.406Z - Time taken for 'get-workspace-files' 0.13195899999999483ms
[NX v22.6.5 Daemon Server] - 2026-04-24T17:00:28.406Z - Time taken for 'get-all-workspace-files' 0.022416999999961718ms
[NX v22.6.5 Daemon Server] - 2026-04-24T17:00:28.406Z - Time taken for 'read cache' 0.10829100000000835ms
Time taken for 'build typescript dependencies' 0.6361249999999927ms
[NX v22.6.5 Daemon Server] - 2026-04-24T17:00:28.414Z - [SYNC]: collect registered sync generators
[NX v22.6.5 Daemon Server] - 2026-04-24T17:00:28.416Z - Wrote project graph cache to /Users/rossjackson/repos/real-time-block-editor/.nx/workspace-data/project-graph.json
[NX v22.6.5 Daemon Server] - 2026-04-24T17:00:28.416Z - Serializing response for REQUEST_PROJECT_GRAPH message in json mode
[NX v22.6.5 Daemon Server] - 2026-04-24T17:00:28.416Z - Responding to REQUEST_PROJECT_GRAPH message
[NX v22.6.5 Daemon Server] - 2026-04-24T17:00:28.416Z - [REQUEST]: Responding to the client. project-graph
[NX v22.6.5 Daemon Server] - 2026-04-24T17:00:28.416Z - Time taken for 'total for creating and serializing project graph' 155.989958ms
[NX v22.6.5 Daemon Server] - 2026-04-24T17:00:28.416Z - Time taken for 'total execution time for createProjectGraph()' 10.269042000000013ms
[NX v22.6.5 Daemon Server] - 2026-04-24T17:00:28.416Z - Time taken for 'createDependencies' 7.739082999999994ms
[NX v22.6.5 Daemon Server] - 2026-04-24T17:00:28.416Z - Time taken for 'nx/js/dependencies-and-lockfile:createDependencies' 7.644874999999956ms
[NX v22.6.5 Daemon Server] - 2026-04-24T17:00:28.416Z - Time taken for 'createMetadata' 0.01970899999997755ms
[NX v22.6.5 Daemon Server] - 2026-04-24T17:00:28.416Z - Time taken for 'serialize graph' 0.38579200000003766ms
[NX v22.6.5 Daemon Server] - 2026-04-24T17:00:28.416Z - Time taken for 'write cache' 1.2799589999999625ms
[NX v22.6.5 Daemon Server] - 2026-04-24T17:00:28.417Z - Done responding to the client project-graph
[NX v22.6.5 Daemon Server] - 2026-04-24T17:00:28.417Z - Handled json message REQUEST_PROJECT_GRAPH. Handling time: 156. Response time: 1.
[NX v22.6.5 Daemon Client] - 2026-04-24T17:00:28.417Z - [Messenger] Received message, length: 184903
[NX v22.6.5 Daemon Client] - 2026-04-24T17:00:28.419Z - [Messenger] Sending message type: PRE_TASKS_EXECUTION
[NX v22.6.5 Daemon Client] - 2026-04-24T17:00:28.419Z - [Messenger] Message sent
[NX v22.6.5 Daemon Server] - 2026-04-24T17:00:28.419Z - Received raw message of length 351
[NX v22.6.5 Daemon Server] - 2026-04-24T17:00:28.419Z - Received json message of type PRE_TASKS_EXECUTION
[NX v22.6.5 Daemon Server] - 2026-04-24T17:00:28.419Z - Serializing response for PRE_TASKS_EXECUTION message in json mode
[NX v22.6.5 Daemon Server] - 2026-04-24T17:00:28.419Z - Responding to PRE_TASKS_EXECUTION message
[NX v22.6.5 Daemon Server] - 2026-04-24T17:00:28.419Z - [REQUEST]: Responding to the client. handleRunPreTasksExecution
[NX v22.6.5 Daemon Server] - 2026-04-24T17:00:28.419Z - Done responding to the client handleRunPreTasksExecution
[NX v22.6.5 Daemon Server] - 2026-04-24T17:00:28.419Z - Handled json message PRE_TASKS_EXECUTION. Handling time: 0. Response time: 0.
[NX v22.6.5 Daemon Server] - 2026-04-24T17:00:28.419Z - Time taken for 'preTasksExecution' 0.32091700000000856ms
[NX v22.6.5 Daemon Client] - 2026-04-24T17:00:28.419Z - [Messenger] Received message, length: 2
[NX v22.6.5 Daemon Client] - 2026-04-24T17:00:28.444Z - [Messenger] Sending message type: HASH_TASKS
[NX v22.6.5 Daemon Client] - 2026-04-24T17:00:28.445Z - [Messenger] Message sent
[NX v22.6.5 Daemon Server] - 2026-04-24T17:00:28.445Z - Received raw message of length 3916
[NX v22.6.5 Daemon Server] - 2026-04-24T17:00:28.445Z - Received json message of type HASH_TASKS
[NX v22.6.5 Daemon Server] - 2026-04-24T17:00:28.445Z - Reusing in-memory cached project graph because no files changed.
DEBUG nx::native::tasks::hash_planner: get_plans_internal COMPLETED in 272.208µs - processed 1 tasks (setup: 250.083µs, parallel_planning: 20.542µs)
DEBUG nx::native::tasks::hashers::hash_workspace_files: Hashing workspace fileset with inputs: Adding "11091884865853158211" (".gitignore") to hash
DEBUG nx::native::tasks::hashers::hash_workspace_files: Hashing workspace fileset with inputs: Adding "4613372190725536043" ("nx.json") to hash
DEBUG nx::native::tasks::hashers::hash_workspace_files: Hashing workspace fileset with inputs: Hash Value: "2990153046422362231"
DEBUG nx::native::tasks::task_hasher: hash_plans COMPLETED in 558.583µs - processed 1 plans (setup: 59.458µs, hashing: 498.375µs, assembly: 14.542µs)
[NX v22.6.5 Daemon Server] - 2026-04-24T17:00:28.447Z - Serializing response for HASH_TASKS message in json mode
[NX v22.6.5 Daemon Server] - 2026-04-24T17:00:28.447Z - Responding to HASH_TASKS message
[NX v22.6.5 Daemon Server] - 2026-04-24T17:00:28.447Z - [REQUEST]: Responding to the client. handleHashTasks
[NX v22.6.5 Daemon Server] - 2026-04-24T17:00:28.448Z - Done responding to the client handleHashTasks
[NX v22.6.5 Daemon Server] - 2026-04-24T17:00:28.448Z - Handled json message HASH_TASKS. Handling time: 2. Response time: 1.
[NX v22.6.5 Daemon Client] - 2026-04-24T17:00:28.448Z - [Messenger] Received message, length: 563
[NX v22.6.5 Daemon Client] - 2026-04-24T17:00:28.491Z - [Messenger] Sending message type: GET_ESTIMATED_TASK_TIMINGS
[NX v22.6.5 Daemon Client] - 2026-04-24T17:00:28.491Z - [Messenger] Message sent
[NX v22.6.5 Daemon Server] - 2026-04-24T17:00:28.491Z - Received raw message of length 89
[NX v22.6.5 Daemon Server] - 2026-04-24T17:00:28.491Z - Received json message of type GET_ESTIMATED_TASK_TIMINGS
[NX v22.6.5 Daemon Server] - 2026-04-24T17:00:28.507Z - Serializing response for GET_ESTIMATED_TASK_TIMINGS message in json mode
[NX v22.6.5 Daemon Server] - 2026-04-24T17:00:28.507Z - Responding to GET_ESTIMATED_TASK_TIMINGS message
[NX v22.6.5 Daemon Server] - 2026-04-24T17:00:28.507Z - [REQUEST]: Responding to the client. handleGetEstimatedTaskTimings
[NX v22.6.5 Daemon Server] - 2026-04-24T17:00:28.507Z - Done responding to the client handleGetEstimatedTaskTimings
[NX v22.6.5 Daemon Server] - 2026-04-24T17:00:28.507Z - Handled json message GET_ESTIMATED_TASK_TIMINGS. Handling time: 16. Response time: 0.
[NX v22.6.5 Daemon Client] - 2026-04-24T17:00:28.507Z - [Messenger] Received message, length: 2
[NX v22.6.5 Daemon Server] - 2026-04-24T17:00:31.319Z - [LATEST-NX]: Successfully pulled latest Nx to /private/var/folders/2g/gl1q5pn57hv64hjh186sw3dc0000gn/T/tmp-22008-2T0wTiQdkXeA
[NX v22.6.5 Daemon Server] - 2026-04-24T17:00:31.372Z - [NX-CONSOLE]: Using local implementation (NX_USE_LOCAL=true or inner call)
DEBUG nx::native::ide::install: Detected editor: Unknown
[NX v22.6.5 Daemon Server] - 2026-04-24T17:00:31.373Z - [NX-CONSOLE]: Console status check completed, shouldPrompt: false
DEBUG nx::native::ide::install: Editor command 'code' not found
DEBUG nx::native::ide::install: Editor command 'code-insiders' not found
DEBUG nx::native::ide::install: Editor command 'cursor' is installed
DEBUG nx::native::ide::install: Checking if Nx Console extension is installed with: cursor --list-extensions
DEBUG nx::native::ide::install: Nx Console extension is not installed
[NX v22.6.5 Daemon Server] - 2026-04-24T17:00:31.739Z - [AI-AGENTS]: Agent configuration status computation completed: 0 fully configured, 0 outdated, 0 partially configured, 5 non-configured
[NX v22.6.5 Daemon Server] - 2026-04-24T17:00:50.196Z - [WATCHER]: Processing file changes in outputs
[NX v22.6.5 Daemon Server] - 2026-04-24T17:00:50.196Z - [WATCHER]: apps/frontend/src/App.tsx was modified
[NX v22.6.5 Daemon Server] - 2026-04-24T17:00:50.197Z - [SYNC]: clearing sync generators cache due to file changes
[NX v22.6.5 Daemon Server] - 2026-04-24T17:00:50.298Z - [REQUEST]: Updated workspace context based on watched changes, recomputing project graph...
[NX v22.6.5 Daemon Server] - 2026-04-24T17:00:50.298Z - [REQUEST]: apps/frontend/src/App.tsx
[NX v22.6.5 Daemon Server] - 2026-04-24T17:00:50.298Z - [REQUEST]: 
[NX v22.6.5 Daemon Server] - 2026-04-24T17:00:50.300Z - Time taken for 'hash changed files from watcher' 0.07725000000209548ms
[NX v22.6.5 Daemon Server] - 2026-04-24T17:00:50.416Z - Time taken for 'start-plugin-worker:nx/core/package-json' 116.09537500000079ms
Time taken for 'plugin worker 22316 code loading' 87.510084ms
Time taken for 'plugin worker 22314 code loading' 87.470083ms
Time taken for 'plugin worker 22315 code loading' 85.876542ms
[NX v22.6.5 Daemon Server] - 2026-04-24T17:00:50.427Z - Time taken for 'start-plugin-worker:nx/js/dependencies-and-lockfile' 128.8782919999976ms
[NX v22.6.5 Daemon Server] - 2026-04-24T17:00:50.427Z - Time taken for 'start-plugin-worker:nx/core/project-json' 127.43312499999956ms
Time taken for 'nx/js/dependencies-and-lockfile:createNodes' 1.888040999999987ms
[NX v22.6.5 Daemon Server] - 2026-04-24T17:00:50.461Z - Time taken for 'build-project-configs' 161.281458999998ms
[NX v22.6.5 Daemon Server] - 2026-04-24T17:00:50.461Z - Time taken for 'createNodes:merge' 0.37370799999916926ms
[NX v22.6.5 Daemon Server] - 2026-04-24T17:00:50.461Z - Time taken for 'get-all-workspace-files' 0.007916999998997198ms
Time taken for 'build typescript dependencies' 1.9193750000000023ms
[NX v22.6.5 Daemon Server] - 2026-04-24T17:00:50.467Z - [SYNC]: collect registered sync generators
[NX v22.6.5 Daemon Server] - 2026-04-24T17:00:50.468Z - [SYNC]: project graph hash is the same, not collecting task sync generators
[NX v22.6.5 Daemon Server] - 2026-04-24T17:00:50.468Z - [SYNC]: nx.json hash is the same, not collecting global sync generators
[NX v22.6.5 Daemon Server] - 2026-04-24T17:00:50.468Z - Time taken for 'total execution time for createProjectGraph()' 7.44183300000077ms
[NX v22.6.5 Daemon Server] - 2026-04-24T17:00:50.468Z - Time taken for 'createDependencies' 6.521541000001889ms
[NX v22.6.5 Daemon Server] - 2026-04-24T17:00:50.468Z - Time taken for 'nx/js/dependencies-and-lockfile:createDependencies' 6.478749999998399ms
[NX v22.6.5 Daemon Server] - 2026-04-24T17:00:50.468Z - Time taken for 'createMetadata' 0.015625ms
[NX v22.6.5 Daemon Server] - 2026-04-24T17:00:50.468Z - Time taken for 'serialize graph' 0.3772080000017013ms
[NX v22.6.5 Daemon Server] - 2026-04-24T17:00:54.318Z - [WATCHER]: Processing file changes in outputs
[NX v22.6.5 Daemon Server] - 2026-04-24T17:00:54.318Z - [WATCHER]: apps/frontend/src/App.tsx was modified
[NX v22.6.5 Daemon Server] - 2026-04-24T17:00:54.318Z - [SYNC]: clearing sync generators cache due to file changes
[NX v22.6.5 Daemon Server] - 2026-04-24T17:00:54.518Z - [REQUEST]: Updated workspace context based on watched changes, recomputing project graph...
[NX v22.6.5 Daemon Server] - 2026-04-24T17:00:54.518Z - [REQUEST]: apps/frontend/src/App.tsx
[NX v22.6.5 Daemon Server] - 2026-04-24T17:00:54.518Z - [REQUEST]: 
[NX v22.6.5 Daemon Server] - 2026-04-24T17:00:54.521Z - Time taken for 'hash changed files from watcher' 0.07329200000094716ms
Time taken for 'plugin worker 22355 code loading' 63.770959ms
Time taken for 'plugin worker 22357 code loading' 64.66179199999999ms
Time taken for 'plugin worker 22356 code loading' 64.39274999999999ms
[NX v22.6.5 Daemon Server] - 2026-04-24T17:00:54.618Z - Time taken for 'start-plugin-worker:nx/js/dependencies-and-lockfile' 99.30341699999917ms
[NX v22.6.5 Daemon Server] - 2026-04-24T17:00:54.618Z - Time taken for 'start-plugin-worker:nx/core/package-json' 98.55937499999709ms
[NX v22.6.5 Daemon Server] - 2026-04-24T17:00:54.618Z - Time taken for 'start-plugin-worker:nx/core/project-json' 98.15874999999869ms
Time taken for 'nx/js/dependencies-and-lockfile:createNodes' 1.8008750000000049ms
[NX v22.6.5 Daemon Server] - 2026-04-24T17:00:54.652Z - Time taken for 'build-project-configs' 132.33937499999956ms
[NX v22.6.5 Daemon Server] - 2026-04-24T17:00:54.653Z - Time taken for 'createNodes:merge' 0.3221250000024156ms
[NX v22.6.5 Daemon Server] - 2026-04-24T17:00:54.653Z - Time taken for 'get-all-workspace-files' 0.008708000001206528ms
Time taken for 'build typescript dependencies' 0.7592500000000086ms
[NX v22.6.5 Daemon Server] - 2026-04-24T17:00:54.657Z - [SYNC]: collect registered sync generators
[NX v22.6.5 Daemon Server] - 2026-04-24T17:00:54.657Z - [SYNC]: project graph hash is the same, not collecting task sync generators
[NX v22.6.5 Daemon Server] - 2026-04-24T17:00:54.657Z - [SYNC]: nx.json hash is the same, not collecting global sync generators
[NX v22.6.5 Daemon Server] - 2026-04-24T17:00:54.657Z - Time taken for 'total execution time for createProjectGraph()' 5.278167000000394ms
[NX v22.6.5 Daemon Server] - 2026-04-24T17:00:54.657Z - Time taken for 'createDependencies' 4.259041999997862ms
[NX v22.6.5 Daemon Server] - 2026-04-24T17:00:54.657Z - Time taken for 'nx/js/dependencies-and-lockfile:createDependencies' 4.223249999999098ms
[NX v22.6.5 Daemon Server] - 2026-04-24T17:00:54.657Z - Time taken for 'createMetadata' 0.009792000000743428ms
[NX v22.6.5 Daemon Server] - 2026-04-24T17:00:54.657Z - Time taken for 'serialize graph' 0.3435829999980342ms
[NX v22.6.5 Daemon Client] - 2026-04-24T17:01:00.078Z - [Messenger] Sending message type: RECORD_OUTPUTS_HASH
[NX v22.6.5 Daemon Client] - 2026-04-24T17:01:00.078Z - [Messenger] Message sent
[NX v22.6.5 Daemon Server] - 2026-04-24T17:01:00.078Z - Received raw message of length 81
[NX v22.6.5 Daemon Server] - 2026-04-24T17:01:00.078Z - Received json message of type RECORD_OUTPUTS_HASH
[NX v22.6.5 Daemon Server] - 2026-04-24T17:01:00.079Z - Serializing response for RECORD_OUTPUTS_HASH message in json mode
[NX v22.6.5 Daemon Server] - 2026-04-24T17:01:00.079Z - Responding to RECORD_OUTPUTS_HASH message
[NX v22.6.5 Daemon Server] - 2026-04-24T17:01:00.079Z - [REQUEST]: Responding to the client. recordOutputsHash
[NX v22.6.5 Daemon Server] - 2026-04-24T17:01:00.079Z - Done responding to the client recordOutputsHash
[NX v22.6.5 Daemon Server] - 2026-04-24T17:01:00.079Z - Handled json message RECORD_OUTPUTS_HASH. Handling time: 1. Response time: 0.
[NX v22.6.5 Daemon Client] - 2026-04-24T17:01:00.079Z - [Messenger] Received message, length: 2
[NX v22.6.5 Daemon Client] - 2026-04-24T17:01:00.080Z - [Messenger] Sending message type: RECORD_TASK_RUNS
[NX v22.6.5 Daemon Client] - 2026-04-24T17:01:00.080Z - [Messenger] Message sent
[NX v22.6.5 Daemon Server] - 2026-04-24T17:01:00.081Z - Received raw message of length 208
[NX v22.6.5 Daemon Server] - 2026-04-24T17:01:00.081Z - Received json message of type RECORD_TASK_RUNS
[NX v22.6.5 Daemon Server] - 2026-04-24T17:01:00.081Z - Serializing response for RECORD_TASK_RUNS message in json mode
[NX v22.6.5 Daemon Server] - 2026-04-24T17:01:00.081Z - Responding to RECORD_TASK_RUNS message
[NX v22.6.5 Daemon Server] - 2026-04-24T17:01:00.081Z - [REQUEST]: Responding to the client. handleRecordTaskRuns
[NX v22.6.5 Daemon Server] - 2026-04-24T17:01:00.081Z - Done responding to the client handleRecordTaskRuns
[NX v22.6.5 Daemon Server] - 2026-04-24T17:01:00.081Z - Handled json message RECORD_TASK_RUNS. Handling time: 0. Response time: 0.
[NX v22.6.5 Daemon Client] - 2026-04-24T17:01:00.081Z - [Messenger] Received message, length: 4
[NX v22.6.5 Daemon Server] - 2026-04-24T17:01:00.082Z - Established a connection. Number of open connections: 2
[NX v22.6.5 Daemon Client] - 2026-04-24T17:01:00.082Z - [Messenger] Sending message type: GET_CONFIGURE_AI_AGENTS_STATUS
[NX v22.6.5 Daemon Client] - 2026-04-24T17:01:00.082Z - [Messenger] Message sent
[NX v22.6.5 Daemon Server] - 2026-04-24T17:01:00.082Z - Received raw message of length 41
[NX v22.6.5 Daemon Server] - 2026-04-24T17:01:00.082Z - Received json message of type GET_CONFIGURE_AI_AGENTS_STATUS
[NX v22.6.5 Daemon Server] - 2026-04-24T17:01:00.082Z - [AI-AGENTS]: Returning cached agent configuration status
[NX v22.6.5 Daemon Server] - 2026-04-24T17:01:00.082Z - Serializing response for GET_CONFIGURE_AI_AGENTS_STATUS message in json mode
[NX v22.6.5 Daemon Server] - 2026-04-24T17:01:00.082Z - Responding to GET_CONFIGURE_AI_AGENTS_STATUS message
[NX v22.6.5 Daemon Server] - 2026-04-24T17:01:00.082Z - [REQUEST]: Responding to the client. handleGetConfigureAiAgentsStatus
[NX v22.6.5 Daemon Server] - 2026-04-24T17:01:00.082Z - Done responding to the client handleGetConfigureAiAgentsStatus
[NX v22.6.5 Daemon Server] - 2026-04-24T17:01:00.082Z - Handled json message GET_CONFIGURE_AI_AGENTS_STATUS. Handling time: 0. Response time: 0.
[NX v22.6.5 Daemon Client] - 2026-04-24T17:01:00.082Z - [Messenger] Received message, length: 322
[NX v22.6.5 Daemon Server] - 2026-04-24T17:01:00.082Z - Closed a connection. Number of open connections: 1
[NX v22.6.5 Daemon Client] - 2026-04-24T17:01:00.083Z - [Messenger] Sending message type: POST_TASKS_EXECUTION
[NX v22.6.5 Daemon Client] - 2026-04-24T17:01:00.083Z - [Messenger] Message sent
[NX v22.6.5 Daemon Server] - 2026-04-24T17:01:00.083Z - Received raw message of length 8006
[NX v22.6.5 Daemon Server] - 2026-04-24T17:01:00.083Z - Received json message of type POST_TASKS_EXECUTION
[NX v22.6.5 Daemon Server] - 2026-04-24T17:01:00.083Z - Serializing response for POST_TASKS_EXECUTION message in json mode
[NX v22.6.5 Daemon Server] - 2026-04-24T17:01:00.083Z - Responding to POST_TASKS_EXECUTION message
[NX v22.6.5 Daemon Server] - 2026-04-24T17:01:00.083Z - [REQUEST]: Responding to the client. handleRunPostTasksExecution
[NX v22.6.5 Daemon Server] - 2026-04-24T17:01:00.083Z - Done responding to the client handleRunPostTasksExecution
[NX v22.6.5 Daemon Server] - 2026-04-24T17:01:00.083Z - Handled json message POST_TASKS_EXECUTION. Handling time: 0. Response time: 0.
[NX v22.6.5 Daemon Server] - 2026-04-24T17:01:00.084Z - Time taken for 'postTasksExecution' 0.12658400000145775ms
[NX v22.6.5 Daemon Client] - 2026-04-24T17:01:00.083Z - [Messenger] Received message, length: 4
[NX v22.6.5 Daemon Server] - 2026-04-24T17:01:00.087Z - Closed a connection. Number of open connections: 0
